Ángel Cabral - <a href="LaFoule.html">La Foule</a>
Ann Ronnell - <a href="WillowWeapForMe.html">Willow Weep For Me</a>
Antonio Hart - <a href="PuertoRico.html">Puerto Rico</a>
Ariel Ramirez - <a href="AlfonsinaYElMar.html">Alfonsina y el mar</a>
Arthur Altman - <a href="AllOrNothingAtAll.html">All or Nothing at All</a>
Arthur Hamilton - <a href="CryMeARiver.html">Cry Me A River</a>
Arthur Schwartz - <a href="AloneTogether.html">Alone Together</a>
Astor Piazzolla - <a href="VuelvoAlSur.html">Vuelvo al Sur</a>
Barry Olsen - <a href="SantaCruz.html">Santa Cruz</a>
B. Bernier and J. Brainin - <a href="TheNightHasAThousandEyes.html">The Night Has a Thousand Eyes</a>
Benjamin Biolay - <a href="DansMonJardinDHiver.html">Dans mon jardin d'hiver</a>
Benny Golson - <a href="AlongCameBetty.html">Along Came Betty</a>
Benny Golson - <a href="AreYouReal.html">Are You Real?</a>
Benny Golson - <a href="IRememberClifford.html">I Remember Clifford</a>
Benny Golson - <a href="KillerJoe.html">Killer Joe</a>
Benny Golson - <a href="WhisperNot.html">Whisper Not</a>
Bernice Petkere - <a href="CloseYourEyes.html">Close Your Eyes</a>
Bernie Miller - <a href="BerniesTune.html">Bernie's Tune</a>
Biréli Lagrène - <a href="PlaceDuTertre.html">Place du Tertre</a>
B. Kaper and P. F. Webster - <a href="Invitation.html">Invitation</a>
Bob Berg - <a href="FridayNightAtTheCadillacClub.html">Friday Night At The Cadillac Club</a>
Bobby Timmons - <a href="Moanin.html">Moanin'</a>
Bob Mintzer - <a href="PapaLips.html">Papa Lips</a>
Bronislau Kaper - <a href="OnGreenDolphinStreet.html">On Green Dolphin Street</a>
Burt Bacharachy - <a href="WivesAndLovers.html">Wiwes and Lovers (Hey Little Girl)</a>
Charles Mingus - <a href="NostalgiaInTimeSquare.html">Nostagia in Time Square</a>
Charles Mingus - <a href="PussyCatDues.html">Pussy Cat Dues</a>
Charles Trenet - <a href="LAmeDesPoetes.html">L'âme des poètes (Poet's Dream)</a>
Charles Trenet - <a href="LaMer.html">La mer (Beyond The Sea)</a>
Charles Trenet - <a href="QueReste-t-il.html">Que reste-t-il de nos amours ?</a>
Charlie Parker - <a href="YardbirdSuite.html">Yardbird Suite</a>
Chick Corea - <a href="500MilesHigh.html">500 Miles High</a>
Chick Corea - <a href="Armando'sRhumba.html">Armando'sRhumba</a>
Chick Corea - <a href="CrystalSilence.html">Crystal Silence</a>
Clare Fisher - <a href="Pensativa.html">Pensativa</a>
Cole Porter - <a href="AllOfYou.html">All of You</a>
Cole Porter - <a href="BeginTheBeguine.html">Begin The Beguine</a>
Cole Porter - <a href="EasyToLove.html">Easy to Love</a>
Cole Porter - <a href="IGetAKickOutOfYou.html">I Get A Kick Out Of You</a>
Cole Porter - <a href="ILoveYou.html">I Love You</a>
Cole Porter - <a href="JustOneOfThoseThings.html">Just One Of Those Things</a>
Cole Porter - <a href="LoveForSale.html">Love For Sale</a>
Cole Porter - <a href="MyHeartBelongsToDaddy.html">My Heart Belongs To Daddy</a>
Cole Porter - <a href="NightAndDay.html">Night and Day</a>
Cole Porter - <a href="WhatIsThisThingCalledLove.html">What Is This Thing Called Love ?</a>
Cole Porter - <a href="YoudBeSoNiceToComeHomeTo.html">You'd Be So Nice To Come Home To</a>
Consuelo Velazquez - <a href="BesameMucho.html">Besame Mucho</a>
Cy Coleman - <a href="Witchcraft.html">Witchcraft</a>
David Torres - <a href="213ChaCha.html">213 Cha Cha</a>
David Torres - <a href="Cambios.html">Cambios</a>
Didier Lockwood - <a href="ZebulonDance.html">Zebulon Dance</a>
Dizzy Gillespie - <a href="GroovinHigh.html">Groovin' High</a>
Dizzy Gillespie - <a href="Manteca.html">Manteca</a>
Dizzy Gillespie - <a href="WoodynYou.html">Woody'n You</a>
Don Grolnick - <a href="NothingPersonal.html">Nothing Personal</a>
D. Raskin and J. Mercer - <a href="Laura.html">Laura</a>
Duke Ellington - <a href="DontGetAroundMuchAnymore.html">Don't Get Around Much Anymore</a>
Duke Ellington - <a href="PreludeToAKiss.html">Prelude To A Kiss</a>
Duke Ellington - <a href="Solitude.html">Solitude</a>
Duke Ellington - <a href="SophisticatedLady.html">Sophisticated Lady</a>
Duke Ellington and Juan Tizol - <a href="Caravan.html">Caravan</a>
Duke Jordan - <a href="Jordu.html">Jordu</a>
Duke Pearson - <a href="Jeannine.html">Jeannine</a>
Eddie Harris - <a href="ColdDuckTime.html">Cold Duck Time</a>
Eddie Harris - <a href="FreedomJazzDance.html">Freedom Jazz Dance</a>
Eden Ahbez - <a href="NatureBoy.html">Nature Boy</a>
Edvard Grieg - <a href="SolveigsLied.html">Solveigs Lied</a>
Fats Waller - <a href="AintMisbehavin.html">Ain't Misbehavin'</a>
Franck Wolf - <a href="CaptainFerber.html">Cap'tain Ferber</a>
Freddie Hubbard - <a href="Gibraltar.html">Gibraltar</a>
Freddie Hubbard - <a href="SkyDive.html">Sky Dive</a>
Frédéric Chopin - <a href="PreludeN4.html">Prelude N°4</a>
George Gerswing - <a href="Summertime.html">Summertime</a>
Georges Brassens - <a href="AuBoisDeMonCoeur.html">Au bois de mon cœur</a>
Georges Brassens - <a href="LaNonDemandeEnMariage.html">La non-demande en mariage</a>
Georges Brassens - <a href="LesPassantes.html">Les passantes</a>
Gerald Marks - <a href="AllOfMe.html">All of Me</a>
Gus Arnheim - <a href="SweetAndLovely.html">Sweet And Lovely</a>
Guy Wood - <a href="MyOneAndOnlyLove.html">My One And Only Love</a>
Harold Arlen - <a href="OneForMyBaby.html">One for my Baby</a>
Harold Arlen - <a href="StormyWeather.html">Stormy Weather</a>
Harold Land - <a href="Rapture.html">Rapture</a>
Harry Warren - <a href="ThereWillNeverBeAnotherYou.html">There Will Never Be Another You</a>
Henri Salvador - <a href="Syracuse.html">Syracuse</a>
Herbie Hancock - <a href="CantaloupeIsland.html">Cantaloupe Island</a>
Herbie Hancock - <a href="DolphinDance.html">Dolphin Dance</a>
Herbie Hancock - <a href="MaidenVoyage.html">Maiden Voyage</a>
Herbie Hancock - <a href="WatermelonMan.html">Watermelon Man</a>
Horace Silver - <a href="OpusDeFunk.html">Opus de Funk</a>
Horace Silver - <a href="SilversSerenade.html">Silver's Serenade</a>
Horace Silver - <a href="SisterSadie.html">Sister Sadie</a>
Horace Silver - <a href="SongForMyFather.html">Song For My Father</a>
Hubert Giraud - <a href="SousLeCielDeParis.html">Sous le ciel de Paris</a>
Jacob Gade - <a href="Jalousie.html">Jalousie</a>
Jacques Brel - <a href="LaChansonDesVieuxAmants.html">La chanson des vieux amants</a>
J. Datin and Claude Nougaro - <a href="CecileMaFille.html">Cécile Ma Fille</a>
J. Datin and Claude Nougaro - <a href="LeJazzEtLaJava.html">Le Jazz et la Java</a>
Jerome Kern - <a href="AllTheThingsYouAre.html">All The Things You Are</a>
Jimmy Smith - <a href="BackAtTheChickenShack.html">Back at The Chicken Shack</a>
Jimmy Van Heusen - <a href="ButBeautiful.html">But Beautiful</a>
Jim Primose - <a href="StJamesInfirmary.html">St. James Infirmary</a>
JJ Jonshon - <a href="Lament.html">Lament</a>
Joe Zawinul - <a href="MercyMercyMercy.html">Mercy, mercy, mercy</a>
Joe Zawinul - <a href="ScothAndWater.html">Scoth and Water</a>
John Carisi - <a href="Israel.html">Israel</a>
John Coltrane - <a href="BigNick.html">Big Nick</a>
John Coltrane - <a href="BlueTrain.html">Blue Train</a>
John Coltrane - <a href="Equinox.html">Equinox</a>
John Coltrane - <a href="Impressions.html">Impressions</a>
John Coltrane - <a href="LonniesLament.html">Lonnie's Lament</a>
John Coltrane - <a href="MomentsNotice.html">Moment's Notice</a>
John Coltrane - <a href="Naima.html">Naima</a>
John Klenner - <a href="JustFriends.html">Just Friends</a>
Johnny Mandel - <a href="TheShadowOfYourSmile.html">The Shadow of Your Smile</a>
John Scofield - <a href="Peculiar.html">Peculiar</a>
Joshua Redman - <a href="BluesOnSunday.html">Blues on Sunday</a>
Joshua Redman - <a href="Chill.html">Chill</a>
Joshua Redman - <a href="HeadinHome.html">Headin' Home</a>
Joshua Redman - <a href="SweetSorrow.html">Sweet Sorrow</a>
Jule Styne - <a href="IFallInLoveTooEasily.html">I Fall In Love Too Easily</a>
J. Van Heusen and J. Burke - <a href="ItCouldHappenToYou.html">It Could Happen To You</a>
J. Van Heusen and J. Mercer - <a href="IThoughtAboutYou(FunkLatin).html">I Thought About You</a>
J. Van Heusen and J. Mercer - <a href="IThoughtAboutYou(Standard).html">I Thought About You</a>
Keith Jarrett - <a href="MemoriesOfTomorrow.html">Memories of Tomorrow</a>
Keith Jarrett - <a href="SoTender.html">So Tender</a>
Kenny Barron - <a href="Voyage.html">Voyage</a>
Kenny Dorham - <a href="BlueBossa.html">Blue Bossa</a>
Lee Morgan - <a href="Sidewinder.html">Sidewinder</a>
Leon Russel - <a href="ThisMasquerade.html">This Masquerade</a>
Lew Brown and Sammy Fain - <a href="ThatOldFeeling.html">That Old Feeling</a>
Lorenz Hart and Richard Rogers - <a href="HaveYouMetMissJones.html">Have You Met Miss Jones ?</a>
Luis Bonfa - <a href="BlackOrpheus.html">Black Orpheus</a>
Matt Denis - <a href="EverythingHappensToMe.html">Everything Happens To Me</a>
Mayme Watts and Sid Wyche - <a href="AlrightOkayYouWin.html">Alright, Okay, You Win</a>
McCoy Tynner - <a href="ThreeFlowers.html">Three Flowers</a>
Meredith Wilson - <a href="TillThereWasYou.html">Till There Was You</a>
Michel Legrand - <a href="UnÉté42.html">Un été 42</a>
Michel Legrand - <a href="WatchWhatHappens.html">Watch What Happens</a>
Michel Legrand - <a href="WhatAreYouDoing.html">What Are You Doing The Rest Of Your Life ?</a>
Miles Davis - <a href="AllBlues.html">All Blues</a>
Miles Davis - <a href="FreddieFreeloader.html">Freddie Freeloader</a>
Miles Davis - <a href="Nardis.html">Nardis</a>
Miles Davis - <a href="SoWhat.html">So What</a>
Miles Davis and Gil Evans - <a href="Boplicity.html">Boplicity</a>
Miles Davis and V. Feldman - <a href="SevenStepsToHeaven.html">Seven Steps To Heaven</a>
Milt Jackson - <a href="BagsGroove.html">Bag's Groove</a>
Mongo Santamaria - <a href="AfroBlue.html">Afro Blue</a>
Nat Adderley - <a href="WorkSong.html">Work Song</a>
Nat Simon - <a href="Poinciana.html">Poinciana</a>
O. Hammerstein II and R. Rogers - <a href="MyFavoriteThings.html">My Favorite Things</a>
Oliver Nelson - <a href="StolenMoments.html">Stolen Moments</a>
Ornette Coleman - <a href="Turnaround.html">Turnaround</a>
Oscar Peterson - <a href="NigerianMarketplace.html">Nigerian Marketplace</a>
Paquito D'Rivera - <a href="Chucho.html">Chucho</a>
Paul Desmond - <a href="BossaAntigua.html">Bossa Antigua</a>
Paul Desmond - <a href="SambaCantina.html">Samba Cantina</a>
Pee Wee Ellis - <a href="TheChicken.html">The Chicken</a>
Randy Aldcroft - <a href="BreakfastWine.html">Breakfast Wine</a>
Ray Noble - <a href="Cherokee.html">Cherokee</a>
Ray Odiebo - <a href="LaSamba.html">La Samba</a>
Richard Rogers - <a href="MyFavoriteThingsLatin.html">My Favorite Things (latin)</a>
Richie Berard - <a href="Elm.html">Elm</a>
Ron Carter - <a href="EightyOne.html">Eighty-One</a>
Roy Hardgrove - <a href="StrasbourgSaintDenis.html">Strasbourg - Saint Denis</a>
Salvadore Poe - <a href="TheColorOfYou.html">The Color of You</a>
Sam Jones - <a href="Unit7.html">Unit Seven</a>
Sam Rivers - <a href="Beatrice.html">Beatrice</a>
Serge Gainsbourg - <a href="CesPetitsRiens.html">Ces petits riens</a>
Serge Gainsbourg - <a href="CouleurCafé.html">Couleur Café</a>
Serge Gainsbourg - <a href="JeSuisVenuTeDire.html">Je suis venu te dire que je m'en vais</a>
Serge Gainsbourg - <a href="LaJavanaise.html">La Javanaise</a>
Serge Gainsbourg - <a href="LEauALaBouche.html">L'eau à la bouche</a>
Sergio Ortega - <a href="PuebloUnido.html">Pueblo unido jamás será vencido</a>
Sonny Rollins - <a href="Airegin.html">Airegin</a>
Sonny Rollins - <a href="AlfiesTheme.html">Alfie's Theme</a>
Sonny Rollins - <a href="BlueSeven.html">Blue Seven</a>
Sonny Rollins - <a href="Doxy.html">Doxy</a>
Sonny Rollins - <a href="StThomas.html">St. Thomas</a>
Sonny Rollins - <a href="TenorMadness.html">Tenor Madness</a>
Sonny Rollins - <a href="ValseHot.html">Valse Hot</a>
Stanley Turrentine - <a href="Sugar.html">Sugar</a>
Steve Swallow - <a href="FallingGrace.html">Falling Grace</a>
Stevie Wonder - <a href="IsntSheLovely.html">Isn't She Lovely</a>
Tania Maria - <a href="Yatra-Ta.html">Yatra-Ta</a>
Thad Jones - <a href="AChildIsBorn.html">A Child Is Born</a>
Thelonious Monk - <a href="Epistrophy.html">Epistrophy</a>
Thelonious Monk - <a href="IMeanYou.html">I Mean You</a>
Thelonious Monk - <a href="InWalkedBud.html">In Walked Bud</a>
Thelonious Monk - <a href="RubyMyDear.html">Ruby, My Dear</a>
Thelonious Monk - <a href="WellYouNeednt.html">Well You Needn't</a>
Tom Jobim - <a href="AFelicidade.html">A Felicidade</a>
Tom Jobim - <a href="AguaDeBeber.html">Agua De Beber</a>
Tom Jobim - <a href="ChegaDeSaudade.html">Chega De Saudade</a>
Tom Jobim - <a href="Corcovado.html">Corcovado</a>
Tom Jobim - <a href="Desafinado.html">Desafinado</a>
Tom Jobim - <a href="Meditation.html">Meditation</a>
Tom Jobim - <a href="Triste.html">Triste</a>
Toots Thielemans - <a href="Bluesette.html">Bluesette</a>
Turner Layton - <a href="AfterYouveGone.html">After You've Gone</a>
V. Duke and I. Gershwin - <a href="ICantGetStarted.html">I Can't Get Started</a>
Victor Young - <a href="BeautifulLove.html">Beautiful Love</a>
Victor Young - <a href="StellaByStarlight.html">Stella by Starlight</a>
Walter 'Gil' Fuller - <a href="TinTinDeo.html">Tin Tin Deo</a>
Wayne Shorter - <a href="AdamsApple.html">Adam's Apple</a>
Wayne Shorter - <a href="BeautyAndTheBest.html">Beauty And The Best</a>
Wayne Shorter - <a href="BlackNile.html">Black Nile</a>
Wayne Shorter - <a href="Footprints.html">Footprints</a>
Wayne Shorter - <a href="Nefertiti.html">Nefertiti</a>
Wayne Shorter - <a href="SpeakNoEvil.html">Speak No Evil</a>
Wayne Shorter - <a href="WildFlower.html">Wild Flower</a>
Wes Montgomery - <a href="FullHouse.html">Full House</a>
Wes Montgomery - <a href="RoadSong.html">Road Song</a>
Wes Montgomery - <a href="WestCoastBlues.html">West Coast Blues</a>
W Schwandt and F Andre - <a href="DreamALittleDreamOfMe.html">Dream a Little Dream of Me</a>
Yusef Lateef - <a href="NubianLady.html">Nubian Lady</a>
Zem Audu - <a href="Vision.html">Vision</a>
