Ángel Cabral
Ann Ronnell
Antonio Hart
Ariel Ramirez
Arthur Altman
Arthur Hamilton
Arthur Schwartz
Astor Piazzolla
Barry Olsen
B. Bernier and J. Brainin
Benjamin Biolay
Benny Golson
Bernice Petkere
Bernie Miller
Billy Strayhorn
Biréli Lagrène
B. Kaper and P. F. Webster
Bob Berg
Bobby Timmons
Bob Mintzer
Bronislau Kaper
Burt Bacharachy
Charles Mingus
Charles Trenet
Charlie Parker
Chick Corea
Clare Fisher
Cole Porter
Consuelo Velazquez
Cy Coleman
David Torres
Didier Lockwood
Dizzy Gillespie
Don Grolnick
D. Raskin and J. Mercer
Duke Ellington
Duke Ellington and Juan Tizol
Duke Jordan
Duke Pearson
Eddie Harris
Eden Ahbez
Edvard Grieg
Fats Waller
Franck Wolf
Freddie Hubbard
Frédéric Chopin
George Gerswing
Georges Brassens
Gerald Marks
Graham Flowers
Gus Arnheim
Guy Wood
Harold Arlen
Harold Land
Harry Warren
Henri Salvador
Herbie Hancock
Horace Silver
Hubert Giraud
Jacob Gade
Jacques Brel
J. Datin and Claude Nougaro
Jerome Kern
Jimmy Smith
Jimmy Van Heusen
Jim Primose
JJ Jonshon
Joe Zawinul
John Carisi
John Coltrane
John Klenner
Johnny Mandel
John Scofield
Joshua Redman
Jule Styne
J. Van Heusen and J. Burke
J. Van Heusen and J. Mercer
Keith Jarrett
Kenny Barron
Kenny Dorham
Lee Morgan
Leon Russel
Lew Brown and Sammy Fain
Lorenz Hart and Richard Rogers
Luis Bonfa
Matt Denis
Mayme Watts and Sid Wyche
McCoy Tynner
Meredith Wilson
Michel Legrand
Miles Davis
Miles Davis and Gil Evans
Miles Davis and V. Feldman
Milt Jackson
Mongo Santamaria
Nat Adderley
Nat Simon
O. Hammerstein II and R. Rogers
Oliver Nelson
Ornette Coleman
Oscar Peterson
Paquito D'Rivera
Paul Desmond
Pee Wee Ellis
Randy Aldcroft
Ray Noble
Ray Odiebo
Richard Rogers
Richie Berard
Ron Carter
Roy Hardgrove
Salvadore Poe
Sam Jones
Sam Rivers
Serge Gainsbourg
Sergio Ortega
Sonny Rollins
Stanley Turrentine
Steve Swallow
Stevie Wonder
Tania Maria
Thad Jones
Thelonious Monk
The Rolling Stone
Tom Jobim
Toots Thielemans
Turner Layton
V. Duke and I. Gershwin
Victor Young
Walter 'Gil' Fuller
Wayne Shorter
Wes Montgomery
W Schwandt and F Andre
Yusef Lateef
Zem Audu
