Ángel Cabral
Ann Ronnell
Antonio Hart
Ariel Ramirez
Arthur Altman
Arthur Hamilton
Arthur Schwartz
Astor Piazzolla
Barry Olsen
B. Bernier and J. Brainin
Ben Charest
Benjamin Biolay
Benny Golson
Bernard Lavilliers
Bernice Petkere
Bernie Miller
Billy Strayhorn
Biréli Lagrène
B. Kaper and P. F. Webster
Bob Berg
Bobby Timmons
Bob Mintzer
Bronislau Kaper
Burt Bacharach
Burt Bacharachy
Charles Mingus
Charles trenet
Charles Trenet
Charlie Parker
Charlie Shavers
Chick Corea
Chuck Mangione
Clare Fisher
Clifford Brown
Cole Porter
Consuelo Velazquez
Cy Coleman
David Torres
Didier Lockwood
Dizzy Gillespie
Django Reinhard
Django Reinhardt
Donald Bird
Donald Byrd
Don Grolnick
D. Raskin and J. Mercer
Duke Ellington
Duke Ellington and Juan Tizol
Duke Jordan
Duke Pearson
Eddie Harris
Eddy Louiss
Eden Ahbez
Edvard Grieg
Enrique Simon
Fats Waller
Francis Lai
Franck Wolf
Freddie Hubbard
Frédéric Chopin
George Gerswing
Georges Brassens
Gerald Marks
Graham Flowers
Gus Arnheim
Guy Wood
Harold Arlen
Harold Land
Harry Warren
Henri Mancini
Henri Salvador
Herbie Hancock
Hoagy Carmichael
Horace Silver
Hubert Giraud
Ibrahim Maalouf
Isham Jones
Jacob Gade
Jacques Brel
J. Datin and Claude Nougaro
Jerome Kern
Jimmy McHugh
Jimmy Smith
Jimmy Van Heusen
Jim Primose
JJ Jonshon
Joe Sample
Joe Zawinul
John Carisi
John Coltrane
John Klenner
Johnny Mandel
John Scofield
Joshua Redman
Jule Styne
Julien Clerc
J. Van Heusen and J. Burke
J. Van Heusen and J. Mercer
Keith Jarrett
Kenny Barron
Kenny Dorham
Kurt Weill
Lalo Schifrin
Larry Willis
Lee Morgan
Leon Russel
Lew Brown and Sammy Fain
Lorenz Hart and Richard Rogers
Luis Bonfa
Matt Denis
Matt Dennis
Mayme Watts and Sid Wyche
McCoy Tynner
Meredith Wilson
Michael Brecker
Michel Legrand
Michel Petrucciani
Mike Stern
Miles Davis
Miles Davis and Gil Evans
Miles Davis and V. Feldman
Milt Jackson
Mireille
Mongo Santamaria
Nat Adderley
Nat Simon
Nino Ferrer
ohn Davenport and Eddie Cooley
Oliver Nelson
Ornette Coleman
Oscar Peterson
Paquito D'Rivera
Pat Metheny
Paul Desmond
Paul Durand
Pee Wee Ellis
Randy Aldcroft
Ray Noble
Ray Odiebo
Richard Rodgers and Lorenz Hart
Richard Rogers
Richie Berard
Romero Lubambo
Ron Carter
Roy Hardgrove
Salvadore Poe
Sam Jones
Sam Rivers
Serge Gainsbourg
Sergio Ortega
Sonny Burke
Sonny Rollins
Stanley Turrentine
Steve Swallow
Stevie Wonder
Tania Maria
Thad Jones
Thelonious Monk
Thelonius Monk
The Rolling Stone
Tom Jobim
Tony Williams
Toots Thielemans
Turner Layton
V. Duke and I. Gershwin
Vernon Duke
Victor Young
Walter 'Gil' Fuller
Wayne Shorter
Wes Montgomery
Woody Shaw
W Schwandt and F Andre
Yusef Lateef
Zem Audu
