Andy Narell
Antonio Hart
Art Farmer and Benny Golson
Barney Wilen
Benny Golson
Bill Evans
Biréli Lagrène
Bob Berg
Bobby Shew
Bob Mintzer
Cannonball Adderley
Canonball Adderley
Charles Mingus
Charlie Parker
Charlie Parker and Dizzy Gillespie
Chet Baker
Chick Corea
Chick Corea and Return to Forever
Clifford Brown
Didier Lockwood
Dizzy Gillespie
Duke Ellindton
Duke Pearson
Eddie Harris
Elis Regina and Tom Jobim
Freddie Hubbard
George Benson
Herbie Hancock
Horace Silver
Ibrahim Maalouf
Jimmy Smith
JJ Jonshon
Joe Henderson and Kenny Dorham
John Coltrane
John Scofield
Joshua Redman
Keith Jarrett
Kyle Eastwood
Larry Willis and Kenny Garrett
Lee Morgan
Lisa Ekdahl
Louis Armstrong
McCoy Tynner
Michael Brecker
Miles Davis
Miles Davis and Sonny Rollins
Oliver Nelson
Oscar Peterson
Pat Metheny
Paul Desmond
Peggy Lee
Pierre-Alain Goualch
Poncho Sanchez
Ray Barretto
Roy Hargrove
Sam Rivers
Sonny Rollins
Stan Getz and Kenny Barron
Stanley Turentine
Stevie Wonder
Thad Jones
The Jazz Messenger
Thelonious Monk
Thelonious Monk and Charlie Rouse
Thelonious Monk and John Coltrane
Tom Jobim
Toots Thielemans
Wayne Shorter
Wes Montgomery
Yusef Lateef
Zem Audu
